2026-09-14T21:01:46.6926176Z Current runner version: '2.337.0'
2026-09-14T21:01:46.7003992Z ##[group]Runner Image Provisioner
2026-09-14T21:01:46.7005296Z Hosted Compute Agent
2026-09-14T21:01:46.7006430Z Version: 20260828.587
2026-09-14T21:01:46.7007872Z Commit: abac92662cab4cc7352de4f9f9d2e2419aad9c29
2026-09-14T21:01:46.7009066Z Build Date: 2026-08-28T16:44:25Z
2026-09-14T21:01:46.7010374Z Worker ID: {9badc219-5fcc-4481-89e6-0d3b0ee24ea9}
2026-09-14T21:01:46.7011595Z Azure Region: eastus2
2026-09-14T21:01:46.7012671Z ##[endgroup]
2026-09-14T21:01:46.7015789Z ##[group]Operating System
2026-09-14T21:01:46.7016802Z Ubuntu
2026-09-14T21:01:46.7018380Z 24.04.5
2026-09-14T21:01:46.7019217Z LTS
2026-09-14T21:01:46.7020194Z ##[endgroup]
2026-09-14T21:01:46.7021059Z ##[group]Runner Image
2026-09-14T21:01:46.7022140Z Image: ubuntu-24.04
2026-09-14T21:01:46.7023058Z Version: 20260907.300.1
2026-09-14T21:01:46.7025262Z Included Software: https://github.com/actions/runner-images/blob/ubuntu24/20260907.300/images/ubuntu/Ubuntu2404-Readme.md
2026-09-14T21:01:46.7048538Z Image Release: https://github.com/actions/runner-images/releases/tag/ubuntu24%2F20260907.300
2026-09-14T21:01:46.7050227Z ##[endgroup]
2026-09-14T21:01:46.7052286Z ##[group]GITHUB_TOKEN Permissions
2026-09-14T21:01:46.7055484Z Contents: read
2026-09-14T21:01:46.7056544Z Metadata: read
2026-09-14T21:01:46.7077958Z ##[endgroup]
2026-09-14T21:01:46.7081314Z Secret source: Actions
2026-09-14T21:01:46.7082798Z Cache mode: write
2026-09-14T21:01:46.7084340Z Prepare workflow directory
2026-09-14T21:01:46.8005310Z Prepare all required actions
2026-09-14T21:01:46.8085834Z Getting action download info
2026-09-14T21:01:47.0057405Z Download action repository 'actions/checkout@v4' (SHA:11d5960a326750d5838078e36cf38b85af677262)
2026-09-14T21:01:47.2094198Z Complete job name: battery
2026-09-14T21:01:47.2940598Z Node 20 is being deprecated. This workflow is running with Node 24 by default. If you need to temporarily use Node 20, you can set the ACTIONS_ALLOW_USE_UNSECURE_NODE_VERSION=true environment variable. For more information see: https://github.blog/changelog/2025-09-19-deprecation-of-node-20-on-github-actions-runners/
2026-09-14T21:01:47.2949483Z ##[group]Run actions/checkout@v4
2026-09-14T21:01:47.2950196Z with:
2026-09-14T21:01:47.2950685Z   repository: SyllabAI/syllabai-web
2026-09-14T21:01:47.2954536Z   token: ***
2026-09-14T21:01:47.2955014Z   ssh-strict: true
2026-09-14T21:01:47.2955483Z   ssh-user: git
2026-09-14T21:01:47.2955962Z   persist-credentials: true
2026-09-14T21:01:47.2956467Z   clean: true
2026-09-14T21:01:47.2956935Z   sparse-checkout-cone-mode: true
2026-09-14T21:01:47.2957660Z   fetch-depth: 1
2026-09-14T21:01:47.2958117Z   fetch-tags: false
2026-09-14T21:01:47.2958583Z   show-progress: true
2026-09-14T21:01:47.2959057Z   lfs: false
2026-09-14T21:01:47.2959548Z   submodules: false
2026-09-14T21:01:47.2960035Z   set-safe-directory: true
2026-09-14T21:01:47.2960573Z   allow-unsafe-pr-checkout: false
2026-09-14T21:01:47.2961302Z ##[endgroup]
2026-09-14T21:01:47.4406749Z Syncing repository: SyllabAI/syllabai-web
2026-09-14T21:01:47.4413634Z ##[group]Getting Git version info
2026-09-14T21:01:47.4416430Z Working directory is '/home/runner/work/syllabai-web/syllabai-web'
2026-09-14T21:01:47.4507783Z [command]/usr/bin/git version
2026-09-14T21:01:47.4511410Z git version 2.55.0
2026-09-14T21:01:47.4518276Z ##[endgroup]
2026-09-14T21:01:47.4533294Z Temporarily overriding HOME='/home/runner/work/_temp/b4bee88f-97d5-4dc9-83ef-a3a7c62d5617' before making global git config changes
2026-09-14T21:01:47.4536259Z Adding repository directory to the temporary git global config as a safe directory
2026-09-14T21:01:47.4539630Z [command]/usr/bin/git config --global --add safe.directory /home/runner/work/syllabai-web/syllabai-web
2026-09-14T21:01:47.4578514Z Deleting the contents of '/home/runner/work/syllabai-web/syllabai-web'
2026-09-14T21:01:47.4593487Z ##[group]Initializing the repository
2026-09-14T21:01:47.4595150Z [command]/usr/bin/git init /home/runner/work/syllabai-web/syllabai-web
2026-09-14T21:01:47.4723945Z hint: Using 'master' as the name for the initial branch. This default branch name
2026-09-14T21:01:47.4726147Z hint: will change to "main" in Git 3.0. To configure the initial branch name
2026-09-14T21:01:47.4728728Z hint: to use in all of your new repositories, which will suppress this warning,
2026-09-14T21:01:47.4730177Z hint: call:
2026-09-14T21:01:47.4731349Z hint:
2026-09-14T21:01:47.4732506Z hint: 	git config --global init.defaultBranch <name>
2026-09-14T21:01:47.4734133Z hint:
2026-09-14T21:01:47.4735446Z hint: Names commonly chosen instead of 'master' are 'main', 'trunk' and
2026-09-14T21:01:47.4737769Z hint: 'development'. The just-created branch can be renamed via this command:
2026-09-14T21:01:47.4739210Z hint:
2026-09-14T21:01:47.4740503Z hint: 	git branch -m <name>
2026-09-14T21:01:47.4741586Z hint:
2026-09-14T21:01:47.4743154Z hint: Disable this message with "git config set advice.defaultBranchName false"
2026-09-14T21:01:47.4745339Z Initialized empty Git repository in /home/runner/work/syllabai-web/syllabai-web/.git/
2026-09-14T21:01:47.4754576Z [command]/usr/bin/git remote add origin https://github.com/SyllabAI/syllabai-web
2026-09-14T21:01:47.4922571Z ##[endgroup]
2026-09-14T21:01:47.4924276Z ##[group]Disabling automatic garbage collection
2026-09-14T21:01:47.4926016Z [command]/usr/bin/git config --local gc.auto 0
2026-09-14T21:01:47.4930007Z ##[endgroup]
2026-09-14T21:01:47.4931718Z ##[group]Setting up auth
2026-09-14T21:01:47.4933196Z [command]/usr/bin/git config --local --name-only --get-regexp core\.sshCommand
2026-09-14T21:01:47.4938369Z [command]/usr/bin/git submodule foreach --recursive sh -c "git config --local --name-only --get-regexp 'core\.sshCommand' && git config --local --unset-all 'core.sshCommand' || :"
2026-09-14T21:01:47.5393463Z [command]/usr/bin/git config --local --name-only --get-regexp http\.https\:\/\/github\.com\/\.extraheader
2026-09-14T21:01:47.5448007Z [command]/usr/bin/git submodule foreach --recursive sh -c "git config --local --name-only --get-regexp 'http\.https\:\/\/github\.com\/\.extraheader' && git config --local --unset-all 'http.https://github.com/.extraheader' || :"
2026-09-14T21:01:47.5795916Z [command]/usr/bin/git config --local --name-only --get-regexp ^includeIf\.gitdir:
2026-09-14T21:01:47.5838982Z [command]/usr/bin/git submodule foreach --recursive git config --local --show-origin --name-only --get-regexp remote.origin.url
2026-09-14T21:01:47.6224098Z [command]/usr/bin/git config --local http.https://github.com/.extraheader AUTHORIZATION: basic ***
2026-09-14T21:01:47.6226861Z ##[endgroup]
2026-09-14T21:01:47.6228394Z ##[group]Fetching the repository
2026-09-14T21:01:47.6230404Z [command]/usr/bin/git -c protocol.version=2 fetch --no-tags --prune --no-recurse-submodules --depth=1 origin +c11c5e37792d7a246286c1f1be3b8dd180300bfe:refs/remotes/origin/main
2026-09-14T21:01:47.9735222Z From https://github.com/SyllabAI/syllabai-web
2026-09-14T21:01:47.9758378Z  * [new ref]         c11c5e37792d7a246286c1f1be3b8dd180300bfe -> origin/main
2026-09-14T21:01:48.0316156Z ##[endgroup]
2026-09-14T21:01:48.0318658Z ##[group]Determining the checkout info
2026-09-14T21:01:48.0320847Z ##[endgroup]
2026-09-14T21:01:48.0322348Z [command]/usr/bin/git sparse-checkout disable
2026-09-14T21:01:48.0326137Z [command]/usr/bin/git config --local --unset-all extensions.worktreeConfig
2026-09-14T21:01:48.0331528Z ##[group]Checking out the ref
2026-09-14T21:01:48.0333424Z [command]/usr/bin/git checkout --progress --force -B main refs/remotes/origin/main
2026-09-14T21:01:48.0335336Z Switched to a new branch 'main'
2026-09-14T21:01:48.0336706Z branch 'main' set up to track 'origin/main'.
2026-09-14T21:01:48.0340609Z ##[endgroup]
2026-09-14T21:01:48.0343927Z [command]/usr/bin/git log -1 --format=%H
2026-09-14T21:01:48.0345408Z c11c5e37792d7a246286c1f1be3b8dd180300bfe
2026-09-14T21:01:48.0610424Z ##[group]Run python3 scripts/ops/v20_battery.py
2026-09-14T21:01:48.0612424Z [36;1mpython3 scripts/ops/v20_battery.py[0m
2026-09-14T21:01:48.0674139Z shell: /usr/bin/bash -e {0}
2026-09-14T21:01:48.0675446Z env:
2026-09-14T21:01:48.0676350Z   BACKEND_URL: https://syllabai-core.onrender.com
2026-09-14T21:01:48.0677896Z   TEACHER_EMAIL: ***
2026-09-14T21:01:48.0678869Z   TEACHER_PASSWORD: ***
2026-09-14T21:01:48.0679737Z   TARGET_COUNT: 12
2026-09-14T21:01:48.0680534Z ##[endgroup]
2026-09-14T21:01:48.4782912Z PASS  B0 backend healthy  
2026-09-14T21:01:54.3577716Z PASS  B1a teacher login  status=200
2026-09-14T21:01:55.2921348Z PASS  B1b teacher role present  roles=['TEACHER']
2026-09-14T21:01:55.6801586Z PASS  B2a bootstrap-status available=false  status=200
2026-09-14T21:01:56.0959714Z PASS  B2b bootstrap claim refused  status=409
2026-09-14T21:01:56.2497552Z PASS  B3 teacher -> admin route 403  status=403
2026-09-14T21:01:58.9868980Z PASS  B4a student registered+logged in  login status=200
2026-09-14T21:01:59.1519110Z PASS  B4b student -> teacher route 403  status=403
2026-09-14T21:02:09.4985181Z PASS  B5 review-queue-v2 census  papers=78 suggested=78 suggestedVersions=743
2026-09-14T21:02:09.4987595Z dogfood set: ['June 2014', 'January 2020', 'January 2022', 'January 2023', 'Summer 2022', 'Summer 2024', 'January 2021', 'June 2011', 'January 2015', 'Specimen 2017', 'January 2019', 'Summer 2019']
2026-09-14T21:02:09.4991938Z target paper: da53c201-4cc2-4828-9dd5-4f47ae542085 [June 2014] versions=6 bridge=OK
2026-09-14T21:02:12.8923555Z PASS  B6a [June 2014] review header has subjectId (§7 placement context)  status=200 subjectId=e56dc9ee
2026-09-14T21:02:12.8925046Z [June 2014] answer-key check skipped: 6 scheme-less version(s) — nothing to key yet (guard outcome below)
2026-09-14T21:02:14.1145519Z PASS  B11a [June 2014] scheme-less versions block the flip (409, guard)  status=409 msg={'status': 409, 'error': 'conflict', 'message': 'paper has 6 question version(s) without a
2026-09-14T21:02:14.1147915Z [June 2014] skipped: 6 scheme-less version(s) — the guard held; a teacher must author schemes first
2026-09-14T21:02:14.1158407Z target paper: a6cb40f8-0c74-451d-9b97-405e9d64fbcc [January 2020] versions=7 bridge=OK
2026-09-14T21:02:17.4350903Z PASS  B6a [January 2020] review header has subjectId (§7 placement context)  status=200 subjectId=e56dc9ee
2026-09-14T21:02:17.4352627Z [January 2020] answer-key check skipped: 2 scheme-less version(s) — nothing to key yet (guard outcome below)
2026-09-14T21:02:18.7760225Z PASS  B11a [January 2020] scheme-less versions block the flip (409, guard)  status=409 msg={'status': 409, 'error': 'conflict', 'message': 'paper has 2 question version(s) without a
2026-09-14T21:02:18.7762679Z [January 2020] skipped: 2 scheme-less version(s) — the guard held; a teacher must author schemes first
2026-09-14T21:02:18.7765071Z target paper: 683a73cd-6129-4376-af25-5fdb2f091a5c [January 2022] versions=7 bridge=OK
2026-09-14T21:02:22.1088093Z PASS  B6a [January 2022] review header has subjectId (§7 placement context)  status=200 subjectId=e56dc9ee
2026-09-14T21:02:22.1090223Z [January 2022] answer-key check skipped: 2 scheme-less version(s) — nothing to key yet (guard outcome below)
2026-09-14T21:02:23.6006842Z PASS  B11a [January 2022] scheme-less versions block the flip (409, guard)  status=409 msg={'status': 409, 'error': 'conflict', 'message': 'paper has 2 question version(s) without a
2026-09-14T21:02:23.6011740Z [January 2022] skipped: 2 scheme-less version(s) — the guard held; a teacher must author schemes first
2026-09-14T21:02:23.6014925Z target paper: 4f8ab80f-f435-4747-9511-6f30bf91d1fa [January 2023] versions=7 bridge=OK
2026-09-14T21:02:26.7153015Z PASS  B6a [January 2023] review header has subjectId (§7 placement context)  status=200 subjectId=e56dc9ee
2026-09-14T21:02:26.7154514Z [January 2023] answer-key check skipped: 1 scheme-less version(s) — nothing to key yet (guard outcome below)
2026-09-14T21:02:28.1961113Z PASS  B11a [January 2023] scheme-less versions block the flip (409, guard)  status=409 msg={'status': 409, 'error': 'conflict', 'message': 'paper has 1 question version(s) without a
2026-09-14T21:02:28.1968168Z [January 2023] skipped: 1 scheme-less version(s) — the guard held; a teacher must author schemes first
2026-09-14T21:02:28.1969601Z target paper: 9c3b63a0-cda1-4f16-bd4e-f1801fb4fc0b [Summer 2022] versions=7 bridge=OK
2026-09-14T21:02:31.3203223Z PASS  B6a [Summer 2022] review header has subjectId (§7 placement context)  status=200 subjectId=e56dc9ee
2026-09-14T21:02:31.3204946Z [Summer 2022] answer-key check skipped: 1 scheme-less version(s) — nothing to key yet (guard outcome below)
2026-09-14T21:02:32.6567019Z PASS  B11a [Summer 2022] scheme-less versions block the flip (409, guard)  status=409 msg={'status': 409, 'error': 'conflict', 'message': 'paper has 1 question version(s) without a
2026-09-14T21:02:32.6569483Z [Summer 2022] skipped: 1 scheme-less version(s) — the guard held; a teacher must author schemes first
2026-09-14T21:02:32.6571098Z target paper: f2afb69f-3cf0-46ff-a62b-20066eacb5eb [Summer 2024] versions=7 bridge=OK
2026-09-14T21:02:35.8902585Z PASS  B6a [Summer 2024] review header has subjectId (§7 placement context)  status=200 subjectId=e56dc9ee
2026-09-14T21:02:35.8904293Z [Summer 2024] answer-key check skipped: 1 scheme-less version(s) — nothing to key yet (guard outcome below)
2026-09-14T21:02:37.1021317Z PASS  B11a [Summer 2024] scheme-less versions block the flip (409, guard)  status=409 msg={'status': 409, 'error': 'conflict', 'message': 'paper has 1 question version(s) without a
2026-09-14T21:02:37.1028635Z [Summer 2024] skipped: 1 scheme-less version(s) — the guard held; a teacher must author schemes first
2026-09-14T21:02:37.1040187Z target paper: 73b3c496-6190-4ad9-9a54-9cd62b4fc01c [January 2021] versions=8 bridge=OK
2026-09-14T21:02:41.5410772Z PASS  B6a [January 2021] review header has subjectId (§7 placement context)  status=200 subjectId=e56dc9ee
2026-09-14T21:02:41.5412380Z [January 2021] answer-key check skipped: 1 scheme-less version(s) — nothing to key yet (guard outcome below)
2026-09-14T21:02:43.0361860Z PASS  B11a [January 2021] scheme-less versions block the flip (409, guard)  status=409 msg={'status': 409, 'error': 'conflict', 'message': 'paper has 1 question version(s) without a
2026-09-14T21:02:43.0363971Z [January 2021] skipped: 1 scheme-less version(s) — the guard held; a teacher must author schemes first
2026-09-14T21:02:43.0366691Z target paper: 7041ab60-1e67-4b7a-917e-7896ea0a0edf [June 2011] versions=8 bridge=OK
2026-09-14T21:02:46.7891297Z PASS  B6a [June 2011] review header has subjectId (§7 placement context)  status=200 subjectId=e56dc9ee
2026-09-14T21:02:46.7892877Z [June 2011] answer-key check skipped: 1 scheme-less version(s) — nothing to key yet (guard outcome below)
2026-09-14T21:02:48.3857927Z PASS  B11a [June 2011] scheme-less versions block the flip (409, guard)  status=409 msg={'status': 409, 'error': 'conflict', 'message': 'paper has 1 question version(s) without a
2026-09-14T21:02:48.3860411Z [June 2011] skipped: 1 scheme-less version(s) — the guard held; a teacher must author schemes first
2026-09-14T21:02:48.3862352Z target paper: ddaec35a-48d4-49f2-9b8c-259f6f94bb14 [January 2015] versions=9 bridge=OK
2026-09-14T21:02:52.2526436Z PASS  B6a [January 2015] review header has subjectId (§7 placement context)  status=200 subjectId=e56dc9ee
2026-09-14T21:02:52.2528207Z [January 2015] answer-key check skipped: 1 scheme-less version(s) — nothing to key yet (guard outcome below)
2026-09-14T21:02:53.6615805Z PASS  B11a [January 2015] scheme-less versions block the flip (409, guard)  status=409 msg={'status': 409, 'error': 'conflict', 'message': 'paper has 1 question version(s) without a
2026-09-14T21:02:53.6618068Z [January 2015] skipped: 1 scheme-less version(s) — the guard held; a teacher must author schemes first
2026-09-14T21:02:53.6620510Z target paper: 23ef5e6e-7cd2-4180-94d5-f180af2cca22 [Specimen 2017] versions=9 bridge=OK
2026-09-14T21:02:57.5441735Z PASS  B6a [Specimen 2017] review header has subjectId (§7 placement context)  status=200 subjectId=e56dc9ee
2026-09-14T21:02:57.5446638Z PASS  B6b [Specimen 2017] teacher review shows the answer key  versions=9 withScheme=9
2026-09-14T21:02:58.0926276Z PASS  B7a [Specimen 2017] flag version -> FLAGGED  status=200
2026-09-14T21:02:58.6335001Z PASS  B7b [Specimen 2017] batch blocked by FLAGGED version (409)  status=409 msg={'status': 409, 'error': 'conflict', 'message': 'paper has 1 REJECTED/FLAGGED qu
2026-09-14T21:02:59.1029376Z PASS  B9 [Specimen 2017] paper validate refused while versions unvalidated (409)  status=409
2026-09-14T21:02:59.5460363Z PASS  B10 [Specimen 2017] unflag version -> SUGGESTED  status=200
2026-09-14T21:03:03.6948946Z PASS  B11 [Specimen 2017] validate-all -> paper VALIDATED  status=200 body={'paperId': '23ef5e6e-7cd2-4180-94d5-f180af2cca22', 'paperState': 'VALIDATED', 'totalVersions': 9, 'versionsValidated': 
2026-09-14T21:03:04.2086059Z PASS  B12a [Specimen 2017] student sees paper VALIDATED under its subject  state=VALIDATED
2026-09-14T21:03:06.6065459Z PASS  B12b [Specimen 2017] student structured attempt -> 201  status=201
2026-09-14T21:03:07.7922212Z PASS  B13a [Specimen 2017] flag paper -> FLAGGED  status=200
2026-09-14T21:03:08.6199039Z PASS  B13b [Specimen 2017] student attempt under FLAGGED paper -> 404 (paper gate)  status=404
2026-09-14T21:03:09.0688960Z PASS  B13c [Specimen 2017] batch on FLAGGED paper -> 409  status=409
2026-09-14T21:03:09.4959647Z PASS  B14a [Specimen 2017] unflag paper -> SUGGESTED (never straight to VALIDATED)  status=200 state=SUGGESTED
2026-09-14T21:03:10.5236022Z PASS  B14b [Specimen 2017] attempt works again once paper merely SUGGESTED (version still VALIDATED)  status=201
2026-09-14T21:03:13.1529372Z PASS  B14c [Specimen 2017] paper restored VALIDATED  status=200
2026-09-14T21:03:13.9992351Z PASS  B16a [Specimen 2017] attempt on FLAGGED version -> 404  status=404
2026-09-14T21:03:14.8841677Z PASS  B16b [Specimen 2017] attempt on SUGGESTED version -> 404  status=404
2026-09-14T21:03:16.7836169Z PASS  B16c [Specimen 2017] attempt on re-VALIDATED version -> 201  status=201
2026-09-14T21:03:16.7837424Z target paper: 59fc6548-9896-4acd-8624-21c6e01cde08 [January 2019] versions=10 bridge=OK
2026-09-14T21:03:21.0434798Z PASS  B6a [January 2019] review header has subjectId (§7 placement context)  status=200 subjectId=e56dc9ee
2026-09-14T21:03:21.0436439Z [January 2019] answer-key check skipped: 3 scheme-less version(s) — nothing to key yet (guard outcome below)
2026-09-14T21:03:22.8062966Z PASS  B11a [January 2019] scheme-less versions block the flip (409, guard)  status=409 msg={'status': 409, 'error': 'conflict', 'message': 'paper has 3 question version(s) without a
2026-09-14T21:03:22.8064947Z [January 2019] skipped: 3 scheme-less version(s) — the guard held; a teacher must author schemes first
2026-09-14T21:03:22.8066810Z target paper: c0c8b771-9367-4257-975e-927ccb2959e1 [Summer 2019] versions=10 bridge=OK
2026-09-14T21:03:27.0399313Z PASS  B6a [Summer 2019] review header has subjectId (§7 placement context)  status=200 subjectId=e56dc9ee
2026-09-14T21:03:27.0403057Z [Summer 2019] answer-key check skipped: 3 scheme-less version(s) — nothing to key yet (guard outcome below)
2026-09-14T21:03:28.5649242Z PASS  B11a [Summer 2019] scheme-less versions block the flip (409, guard)  status=409 msg={'status': 409, 'error': 'conflict', 'message': 'paper has 3 question version(s) without a
2026-09-14T21:03:28.5656375Z [Summer 2019] skipped: 3 scheme-less version(s) — the guard held; a teacher must author schemes first
2026-09-14T21:04:16.0444175Z PASS  B17a current mapping readable (anchor visible)  status=200 rows=1 primary=ING-4CH12CSPECIMEN2017
2026-09-14T21:04:16.5000912Z PASS  B17b anchor-as-primary refused (409)  status=409
2026-09-14T21:04:18.7039756Z mapping target: 4CH1-1.9 understand that a pure substance has a fixed melting and boi
2026-09-14T21:04:19.4494342Z PASS  B17c remap onto real curriculum topic  status=200
2026-09-14T21:04:20.1925949Z PASS  B17d re-map onto the SAME node stays 200 (flush regression 80b1ff8)  status=200
2026-09-14T21:04:20.7212682Z PASS  B17e mapping persisted  primary=4CH1-1.9
2026-09-14T21:04:28.8411328Z PASS  B18 validated papers left the SUGGESTED queue  suggested papers now=77
2026-09-14T21:04:28.8412867Z 
2026-09-14T21:04:28.8413559Z VERDICT: GREEN — 55/55 checks passed
2026-09-14T21:04:28.8712080Z Node 20 is being deprecated. This workflow is running with Node 24 by default. If you need to temporarily use Node 20, you can set the ACTIONS_ALLOW_USE_UNSECURE_NODE_VERSION=true environment variable. For more information see: https://github.blog/changelog/2025-09-19-deprecation-of-node-20-on-github-actions-runners/
2026-09-14T21:04:28.8714161Z Post job cleanup.
2026-09-14T21:04:28.9717892Z [command]/usr/bin/git version
2026-09-14T21:04:28.9771976Z git version 2.55.0
2026-09-14T21:04:28.9866754Z Temporarily overriding HOME='/home/runner/work/_temp/642c8e42-57fe-4722-a19d-262badff26a4' before making global git config changes
2026-09-14T21:04:28.9885164Z Adding repository directory to the temporary git global config as a safe directory
2026-09-14T21:04:28.9909367Z [command]/usr/bin/git config --global --add safe.directory /home/runner/work/syllabai-web/syllabai-web
2026-09-14T21:04:28.9948739Z [command]/usr/bin/git config --local --name-only --get-regexp core\.sshCommand
2026-09-14T21:04:28.9980175Z [command]/usr/bin/git submodule foreach --recursive sh -c "git config --local --name-only --get-regexp 'core\.sshCommand' && git config --local --unset-all 'core.sshCommand' || :"
2026-09-14T21:04:29.0320841Z [command]/usr/bin/git config --local --name-only --get-regexp http\.https\:\/\/github\.com\/\.extraheader
2026-09-14T21:04:29.0367786Z http.https://github.com/.extraheader
2026-09-14T21:04:29.0387970Z [command]/usr/bin/git config --local --unset-all http.https://github.com/.extraheader
2026-09-14T21:04:29.0503367Z [command]/usr/bin/git submodule foreach --recursive sh -c "git config --local --name-only --get-regexp 'http\.https\:\/\/github\.com\/\.extraheader' && git config --local --unset-all 'http.https://github.com/.extraheader' || :"
2026-09-14T21:04:29.1208344Z [command]/usr/bin/git config --local --name-only --get-regexp ^includeIf\.gitdir:
2026-09-14T21:04:29.1334852Z [command]/usr/bin/git submodule foreach --recursive git config --local --show-origin --name-only --get-regexp remote.origin.url
2026-09-14T21:04:29.1848408Z Cleaning up orphan processes
2026-09-14T21:04:29.2161594Z ##[warning]Node.js 20 is deprecated. The following actions target Node.js 20 but are being forced to run on Node.js 24: actions/checkout@v4. For more information see: https://github.blog/changelog/2025-09-19-deprecation-of-node-20-on-github-actions-runners/
