2026-09-14T19:29:51.0298150Z Current runner version: '2.337.0'
2026-09-14T19:29:51.0377759Z ##[group]Runner Image Provisioner
2026-09-14T19:29:51.0379150Z Hosted Compute Agent
2026-09-14T19:29:51.0380225Z Version: 20260828.587
2026-09-14T19:29:51.0381283Z Commit: abac92662cab4cc7352de4f9f9d2e2419aad9c29
2026-09-14T19:29:51.0382535Z Build Date: 2026-08-28T16:44:25Z
2026-09-14T19:29:51.0383794Z Worker ID: {ce847b09-e25c-4b06-bb9d-6dd7355c812b}
2026-09-14T19:29:51.0384920Z Azure Region: centralus
2026-09-14T19:29:51.0403915Z ##[endgroup]
2026-09-14T19:29:51.0406445Z ##[group]Operating System
2026-09-14T19:29:51.0407737Z Ubuntu
2026-09-14T19:29:51.0408594Z 24.04.5
2026-09-14T19:29:51.0409376Z LTS
2026-09-14T19:29:51.0410301Z ##[endgroup]
2026-09-14T19:29:51.0411182Z ##[group]Runner Image
2026-09-14T19:29:51.0412322Z Image: ubuntu-24.04
2026-09-14T19:29:51.0413217Z Version: 20260907.300.1
2026-09-14T19:29:51.0415622Z Included Software: https://github.com/actions/runner-images/blob/ubuntu24/20260907.300/images/ubuntu/Ubuntu2404-Readme.md
2026-09-14T19:29:51.0418314Z Image Release: https://github.com/actions/runner-images/releases/tag/ubuntu24%2F20260907.300
2026-09-14T19:29:51.0420070Z ##[endgroup]
2026-09-14T19:29:51.0421858Z ##[group]GITHUB_TOKEN Permissions
2026-09-14T19:29:51.0425221Z Contents: read
2026-09-14T19:29:51.0426609Z Metadata: read
2026-09-14T19:29:51.0427653Z ##[endgroup]
2026-09-14T19:29:51.0430869Z Secret source: Actions
2026-09-14T19:29:51.0433099Z Cache mode: write
2026-09-14T19:29:51.0434620Z Prepare workflow directory
2026-09-14T19:29:51.1160158Z Prepare all required actions
2026-09-14T19:29:51.1320896Z Getting action download info
2026-09-14T19:29:51.4562741Z Download action repository 'actions/checkout@v4' (SHA:11d5960a326750d5838078e36cf38b85af677262)
2026-09-14T19:29:51.6595703Z Complete job name: battery
2026-09-14T19:29:51.7476726Z Node 20 is being deprecated. This workflow is running with Node 24 by default. If you need to temporarily use Node 20, you can set the ACTIONS_ALLOW_USE_UNSECURE_NODE_VERSION=true environment variable. For more information see: https://github.blog/changelog/2025-09-19-deprecation-of-node-20-on-github-actions-runners/
2026-09-14T19:29:51.7486197Z ##[group]Run actions/checkout@v4
2026-09-14T19:29:51.7486936Z with:
2026-09-14T19:29:51.7487432Z   repository: SyllabAI/syllabai-web
2026-09-14T19:29:51.7491472Z   token: ***
2026-09-14T19:29:51.7491955Z   ssh-strict: true
2026-09-14T19:29:51.7492432Z   ssh-user: git
2026-09-14T19:29:51.7492916Z   persist-credentials: true
2026-09-14T19:29:51.7493433Z   clean: true
2026-09-14T19:29:51.7493903Z   sparse-checkout-cone-mode: true
2026-09-14T19:29:51.7494457Z   fetch-depth: 1
2026-09-14T19:29:51.7494912Z   fetch-tags: false
2026-09-14T19:29:51.7495748Z   show-progress: true
2026-09-14T19:29:51.7496312Z   lfs: false
2026-09-14T19:29:51.7496830Z   submodules: false
2026-09-14T19:29:51.7497315Z   set-safe-directory: true
2026-09-14T19:29:51.7497849Z   allow-unsafe-pr-checkout: false
2026-09-14T19:29:51.7498732Z ##[endgroup]
2026-09-14T19:29:51.8801460Z Syncing repository: SyllabAI/syllabai-web
2026-09-14T19:29:51.8804868Z ##[group]Getting Git version info
2026-09-14T19:29:51.8806217Z Working directory is '/home/runner/work/syllabai-web/syllabai-web'
2026-09-14T19:29:51.8816986Z [command]/usr/bin/git version
2026-09-14T19:29:51.8930783Z git version 2.55.0
2026-09-14T19:29:51.8960392Z ##[endgroup]
2026-09-14T19:29:51.8971275Z Temporarily overriding HOME='/home/runner/work/_temp/4ac41f1c-c68d-40bd-96d3-bc636ada41f6' before making global git config changes
2026-09-14T19:29:51.8973877Z Adding repository directory to the temporary git global config as a safe directory
2026-09-14T19:29:51.8976541Z [command]/usr/bin/git config --global --add safe.directory /home/runner/work/syllabai-web/syllabai-web
2026-09-14T19:29:51.9097708Z Deleting the contents of '/home/runner/work/syllabai-web/syllabai-web'
2026-09-14T19:29:51.9102160Z ##[group]Initializing the repository
2026-09-14T19:29:51.9103385Z [command]/usr/bin/git init /home/runner/work/syllabai-web/syllabai-web
2026-09-14T19:29:51.9228158Z hint: Using 'master' as the name for the initial branch. This default branch name
2026-09-14T19:29:51.9247020Z hint: will change to "main" in Git 3.0. To configure the initial branch name
2026-09-14T19:29:51.9261960Z hint: to use in all of your new repositories, which will suppress this warning,
2026-09-14T19:29:51.9264373Z hint: call:
2026-09-14T19:29:51.9266049Z hint:
2026-09-14T19:29:51.9267238Z hint: 	git config --global init.defaultBranch <name>
2026-09-14T19:29:51.9269296Z hint:
2026-09-14T19:29:51.9270669Z hint: Names commonly chosen instead of 'master' are 'main', 'trunk' and
2026-09-14T19:29:51.9272867Z hint: 'development'. The just-created branch can be renamed via this command:
2026-09-14T19:29:51.9274431Z hint:
2026-09-14T19:29:51.9276052Z hint: 	git branch -m <name>
2026-09-14T19:29:51.9277267Z hint:
2026-09-14T19:29:51.9278945Z hint: Disable this message with "git config set advice.defaultBranchName false"
2026-09-14T19:29:51.9281205Z Initialized empty Git repository in /home/runner/work/syllabai-web/syllabai-web/.git/
2026-09-14T19:29:51.9285671Z [command]/usr/bin/git remote add origin https://github.com/SyllabAI/syllabai-web
2026-09-14T19:29:51.9294274Z ##[endgroup]
2026-09-14T19:29:51.9296208Z ##[group]Disabling automatic garbage collection
2026-09-14T19:29:51.9302148Z [command]/usr/bin/git config --local gc.auto 0
2026-09-14T19:29:51.9376559Z ##[endgroup]
2026-09-14T19:29:51.9423216Z ##[group]Setting up auth
2026-09-14T19:29:51.9447711Z [command]/usr/bin/git config --local --name-only --get-regexp core\.sshCommand
2026-09-14T19:29:51.9452755Z [command]/usr/bin/git submodule foreach --recursive sh -c "git config --local --name-only --get-regexp 'core\.sshCommand' && git config --local --unset-all 'core.sshCommand' || :"
2026-09-14T19:29:52.0247722Z [command]/usr/bin/git config --local --name-only --get-regexp http\.https\:\/\/github\.com\/\.extraheader
2026-09-14T19:29:52.0252344Z [command]/usr/bin/git submodule foreach --recursive sh -c "git config --local --name-only --get-regexp 'http\.https\:\/\/github\.com\/\.extraheader' && git config --local --unset-all 'http.https://github.com/.extraheader' || :"
2026-09-14T19:29:52.0377183Z [command]/usr/bin/git config --local --name-only --get-regexp ^includeIf\.gitdir:
2026-09-14T19:29:52.0422905Z [command]/usr/bin/git submodule foreach --recursive git config --local --show-origin --name-only --get-regexp remote.origin.url
2026-09-14T19:29:52.1313414Z [command]/usr/bin/git config --local http.https://github.com/.extraheader AUTHORIZATION: basic ***
2026-09-14T19:29:52.1315762Z ##[endgroup]
2026-09-14T19:29:52.1316598Z ##[group]Fetching the repository
2026-09-14T19:29:52.1318194Z [command]/usr/bin/git -c protocol.version=2 fetch --no-tags --prune --no-recurse-submodules --depth=1 origin +f07b7af1d7f2e0a7be66828707a4943bef67db6d:refs/remotes/origin/main
2026-09-14T19:29:52.6192690Z From https://github.com/SyllabAI/syllabai-web
2026-09-14T19:29:52.6193989Z  * [new ref]         f07b7af1d7f2e0a7be66828707a4943bef67db6d -> origin/main
2026-09-14T19:29:52.6196635Z ##[endgroup]
2026-09-14T19:29:52.6197498Z ##[group]Determining the checkout info
2026-09-14T19:29:52.6198461Z ##[endgroup]
2026-09-14T19:29:52.6211682Z [command]/usr/bin/git sparse-checkout disable
2026-09-14T19:29:52.6307052Z [command]/usr/bin/git config --local --unset-all extensions.worktreeConfig
2026-09-14T19:29:52.6363737Z ##[group]Checking out the ref
2026-09-14T19:29:52.6365061Z [command]/usr/bin/git checkout --progress --force -B main refs/remotes/origin/main
2026-09-14T19:29:52.6498659Z Switched to a new branch 'main'
2026-09-14T19:29:52.6500650Z branch 'main' set up to track 'origin/main'.
2026-09-14T19:29:52.6505732Z ##[endgroup]
2026-09-14T19:29:52.6557958Z [command]/usr/bin/git log -1 --format=%H
2026-09-14T19:29:52.6591515Z f07b7af1d7f2e0a7be66828707a4943bef67db6d
2026-09-14T19:29:52.6882615Z ##[group]Run python3 scripts/ops/v20_battery.py
2026-09-14T19:29:52.6883559Z [36;1mpython3 scripts/ops/v20_battery.py[0m
2026-09-14T19:29:52.6939310Z shell: /usr/bin/bash -e {0}
2026-09-14T19:29:52.6940211Z env:
2026-09-14T19:29:52.6940778Z   BACKEND_URL: https://syllabai-core.onrender.com
2026-09-14T19:29:52.6941756Z   TEACHER_EMAIL: ***
2026-09-14T19:29:52.6942367Z   TEACHER_PASSWORD: ***
2026-09-14T19:29:52.6942902Z   TARGET_COUNT: 12
2026-09-14T19:29:52.6943393Z ##[endgroup]
2026-09-14T19:29:53.1123563Z PASS  B0 backend healthy  
2026-09-14T19:29:53.9594691Z PASS  B1a teacher login  status=200
2026-09-14T19:29:54.3672752Z PASS  B1b teacher role present  roles=['TEACHER']
2026-09-14T19:29:54.9673372Z PASS  B2a bootstrap-status available=false  status=200
2026-09-14T19:29:55.3654266Z PASS  B2b bootstrap claim refused  status=409
2026-09-14T19:29:55.5724921Z PASS  B3 teacher -> admin route 403  status=403
2026-09-14T19:29:57.5536211Z PASS  B4a student registered+logged in  login status=200
2026-09-14T19:29:57.7413001Z PASS  B4b student -> teacher route 403  status=403
2026-09-14T19:30:07.3574003Z PASS  B5 review-queue-v2 census  papers=82 suggested=82 suggestedVersions=772
2026-09-14T19:30:07.3579601Z dogfood set: ['June 2014', 'January 2020', 'January 2022', 'January 2023', 'November 2021', 'Summer 2019', 'Summer 2021', 'Summer 2022', 'Summer 2024', 'January 2021', 'June 2011', 'Summer 2016']
2026-09-14T19:30:07.3581053Z target paper: da53c201-4cc2-4828-9dd5-4f47ae542085 [June 2014] versions=6 bridge=OK
2026-09-14T19:30:10.2465579Z PASS  B6a [June 2014] review header has subjectId (§7 placement context)  status=200 subjectId=e56dc9ee
2026-09-14T19:30:10.2467910Z [June 2014] answer-key check skipped: 6 scheme-less version(s) — nothing to key yet (guard outcome below)
2026-09-14T19:30:11.6332473Z PASS  B11a [June 2014] scheme-less versions block the flip (409, guard)  status=409 msg={'status': 409, 'error': 'conflict', 'message': 'paper has 6 question version(s) without a
2026-09-14T19:30:11.6340637Z [June 2014] skipped: 6 scheme-less version(s) — the guard held; a teacher must author schemes first
2026-09-14T19:30:11.6341805Z target paper: a6cb40f8-0c74-451d-9b97-405e9d64fbcc [January 2020] versions=7 bridge=OK
2026-09-14T19:30:14.8932054Z PASS  B6a [January 2020] review header has subjectId (§7 placement context)  status=200 subjectId=e56dc9ee
2026-09-14T19:30:14.8933812Z [January 2020] answer-key check skipped: 2 scheme-less version(s) — nothing to key yet (guard outcome below)
2026-09-14T19:30:16.2006649Z PASS  B11a [January 2020] scheme-less versions block the flip (409, guard)  status=409 msg={'status': 409, 'error': 'conflict', 'message': 'paper has 2 question version(s) without a
2026-09-14T19:30:16.2009712Z [January 2020] skipped: 2 scheme-less version(s) — the guard held; a teacher must author schemes first
2026-09-14T19:30:16.2016790Z target paper: 683a73cd-6129-4376-af25-5fdb2f091a5c [January 2022] versions=7 bridge=OK
2026-09-14T19:30:19.5498322Z PASS  B6a [January 2022] review header has subjectId (§7 placement context)  status=200 subjectId=e56dc9ee
2026-09-14T19:30:19.5499699Z [January 2022] answer-key check skipped: 2 scheme-less version(s) — nothing to key yet (guard outcome below)
2026-09-14T19:30:20.9465016Z PASS  B11a [January 2022] scheme-less versions block the flip (409, guard)  status=409 msg={'status': 409, 'error': 'conflict', 'message': 'paper has 2 question version(s) without a
2026-09-14T19:30:20.9467446Z [January 2022] skipped: 2 scheme-less version(s) — the guard held; a teacher must author schemes first
2026-09-14T19:30:20.9470091Z target paper: 4f8ab80f-f435-4747-9511-6f30bf91d1fa [January 2023] versions=7 bridge=OK
2026-09-14T19:30:24.2453196Z PASS  B6a [January 2023] review header has subjectId (§7 placement context)  status=200 subjectId=e56dc9ee
2026-09-14T19:30:24.2456588Z [January 2023] answer-key check skipped: 1 scheme-less version(s) — nothing to key yet (guard outcome below)
2026-09-14T19:30:25.5318381Z PASS  B11a [January 2023] scheme-less versions block the flip (409, guard)  status=409 msg={'status': 409, 'error': 'conflict', 'message': 'paper has 1 question version(s) without a
2026-09-14T19:30:25.5327881Z [January 2023] skipped: 1 scheme-less version(s) — the guard held; a teacher must author schemes first
2026-09-14T19:30:25.5328923Z target paper: e850e6fe-4d43-41b1-97b1-ef6845ef5caf [November 2021] versions=7 bridge=OK
2026-09-14T19:30:29.0267519Z PASS  B6a [November 2021] review header has subjectId (§7 placement context)  status=200 subjectId=e56dc9ee
2026-09-14T19:30:29.0282878Z PASS  B6b [November 2021] teacher review shows the answer key  versions=7 withScheme=7
2026-09-14T19:30:29.5223787Z PASS  B7a [November 2021] flag version -> FLAGGED  status=200
2026-09-14T19:30:30.1092839Z PASS  B7b [November 2021] batch blocked by FLAGGED version (409)  status=409 msg={'status': 409, 'error': 'conflict', 'message': 'paper has 1 REJECTED/FLAGGED qu
2026-09-14T19:30:30.6084490Z PASS  B9 [November 2021] paper validate refused while versions unvalidated (409)  status=409
2026-09-14T19:30:31.1137080Z PASS  B10 [November 2021] unflag version -> SUGGESTED  status=200
2026-09-14T19:30:34.7258113Z PASS  B11 [November 2021] validate-all -> paper VALIDATED  status=200 body={'paperId': 'e850e6fe-4d43-41b1-97b1-ef6845ef5caf', 'paperState': 'VALIDATED', 'totalVersions': 7, 'versionsValidated': 
2026-09-14T19:30:35.0279179Z PASS  B12a [November 2021] student sees paper VALIDATED under its subject  state=VALIDATED
2026-09-14T19:30:36.7872590Z PASS  B12b [November 2021] student structured attempt -> 201  status=201
2026-09-14T19:30:37.2872130Z PASS  B13a [November 2021] flag paper -> FLAGGED  status=200
2026-09-14T19:30:37.8489514Z PASS  B13b [November 2021] student attempt under FLAGGED paper -> 404 (paper gate)  status=404
2026-09-14T19:30:38.2273710Z PASS  B13c [November 2021] batch on FLAGGED paper -> 409  status=409
2026-09-14T19:30:38.7454163Z PASS  B14a [November 2021] unflag paper -> SUGGESTED (never straight to VALIDATED)  status=200 state=SUGGESTED
2026-09-14T19:30:39.9397720Z PASS  B14b [November 2021] attempt works again once paper merely SUGGESTED (version still VALIDATED)  status=201
2026-09-14T19:30:42.1322448Z PASS  B14c [November 2021] paper restored VALIDATED  status=200
2026-09-14T19:30:43.1120879Z PASS  B16a [November 2021] attempt on FLAGGED version -> 404  status=404
2026-09-14T19:30:44.1251249Z PASS  B16b [November 2021] attempt on SUGGESTED version -> 404  status=404
2026-09-14T19:30:46.8096582Z PASS  B16c [November 2021] attempt on re-VALIDATED version -> 201  status=201
2026-09-14T19:30:46.8097826Z target paper: cfccc663-8aef-4a20-90b4-1205b3e740b5 [Summer 2019] versions=7 bridge=OK
2026-09-14T19:30:50.0898671Z PASS  B6a [Summer 2019] review header has subjectId (§7 placement context)  status=200 subjectId=e56dc9ee
2026-09-14T19:30:50.0927107Z PASS  B6b [Summer 2019] teacher review shows the answer key  versions=7 withScheme=7
2026-09-14T19:30:50.6126155Z PASS  B7a [Summer 2019] flag version -> FLAGGED  status=200
2026-09-14T19:30:51.2941224Z PASS  B7b [Summer 2019] batch blocked by FLAGGED version (409)  status=409 msg={'status': 409, 'error': 'conflict', 'message': 'paper has 1 REJECTED/FLAGGED qu
2026-09-14T19:30:51.7824829Z PASS  B9 [Summer 2019] paper validate refused while versions unvalidated (409)  status=409
2026-09-14T19:30:52.2610681Z PASS  B10 [Summer 2019] unflag version -> SUGGESTED  status=200
2026-09-14T19:30:55.7345722Z PASS  B11 [Summer 2019] validate-all -> paper VALIDATED  status=200 body={'paperId': 'cfccc663-8aef-4a20-90b4-1205b3e740b5', 'paperState': 'VALIDATED', 'totalVersions': 7, 'versionsValidated': 
2026-09-14T19:30:56.0370074Z PASS  B12a [Summer 2019] student sees paper VALIDATED under its subject  state=VALIDATED
2026-09-14T19:30:57.8875629Z PASS  B12b [Summer 2019] student structured attempt -> 201  status=201
2026-09-14T19:30:58.3880824Z PASS  B13a [Summer 2019] flag paper -> FLAGGED  status=200
2026-09-14T19:30:58.9898787Z PASS  B13b [Summer 2019] student attempt under FLAGGED paper -> 404 (paper gate)  status=404
2026-09-14T19:30:59.3596314Z PASS  B13c [Summer 2019] batch on FLAGGED paper -> 409  status=409
2026-09-14T19:30:59.8526376Z PASS  B14a [Summer 2019] unflag paper -> SUGGESTED (never straight to VALIDATED)  status=200 state=SUGGESTED
2026-09-14T19:31:01.1827867Z PASS  B14b [Summer 2019] attempt works again once paper merely SUGGESTED (version still VALIDATED)  status=201
2026-09-14T19:31:03.3070738Z PASS  B14c [Summer 2019] paper restored VALIDATED  status=200
2026-09-14T19:31:04.2749609Z PASS  B16a [Summer 2019] attempt on FLAGGED version -> 404  status=404
2026-09-14T19:31:05.2774291Z PASS  B16b [Summer 2019] attempt on SUGGESTED version -> 404  status=404
2026-09-14T19:31:07.3217346Z PASS  B16c [Summer 2019] attempt on re-VALIDATED version -> 201  status=201
2026-09-14T19:31:07.3226174Z target paper: b1068e09-d65d-42b5-b225-b53637e1dc5c [Summer 2021] versions=7 bridge=OK
2026-09-14T19:31:10.5579809Z PASS  B6a [Summer 2021] review header has subjectId (§7 placement context)  status=200 subjectId=e56dc9ee
2026-09-14T19:31:10.5581238Z PASS  B6b [Summer 2021] teacher review shows the answer key  versions=7 withScheme=7
2026-09-14T19:31:11.1677000Z PASS  B7a [Summer 2021] flag version -> FLAGGED  status=200
2026-09-14T19:31:12.1970773Z PASS  B7b [Summer 2021] batch blocked by FLAGGED version (409)  status=409 msg={'status': 409, 'error': 'conflict', 'message': 'paper has 1 REJECTED/FLAGGED qu
2026-09-14T19:31:12.6715687Z PASS  B9 [Summer 2021] paper validate refused while versions unvalidated (409)  status=409
2026-09-14T19:31:13.1487564Z PASS  B10 [Summer 2021] unflag version -> SUGGESTED  status=200
2026-09-14T19:31:16.8398607Z PASS  B11 [Summer 2021] validate-all -> paper VALIDATED  status=200 body={'paperId': 'b1068e09-d65d-42b5-b225-b53637e1dc5c', 'paperState': 'VALIDATED', 'totalVersions': 7, 'versionsValidated': 
2026-09-14T19:31:17.1730309Z PASS  B12a [Summer 2021] student sees paper VALIDATED under its subject  state=VALIDATED
2026-09-14T19:31:19.0197817Z PASS  B12b [Summer 2021] student structured attempt -> 201  status=201
2026-09-14T19:31:19.5080230Z PASS  B13a [Summer 2021] flag paper -> FLAGGED  status=200
2026-09-14T19:31:20.0782502Z PASS  B13b [Summer 2021] student attempt under FLAGGED paper -> 404 (paper gate)  status=404
2026-09-14T19:31:20.4537996Z PASS  B13c [Summer 2021] batch on FLAGGED paper -> 409  status=409
2026-09-14T19:31:20.9414434Z PASS  B14a [Summer 2021] unflag paper -> SUGGESTED (never straight to VALIDATED)  status=200 state=SUGGESTED
2026-09-14T19:31:22.2288516Z PASS  B14b [Summer 2021] attempt works again once paper merely SUGGESTED (version still VALIDATED)  status=201
2026-09-14T19:31:24.6381215Z PASS  B14c [Summer 2021] paper restored VALIDATED  status=200
2026-09-14T19:31:25.7145794Z PASS  B16a [Summer 2021] attempt on FLAGGED version -> 404  status=404
2026-09-14T19:31:26.7010956Z PASS  B16b [Summer 2021] attempt on SUGGESTED version -> 404  status=404
2026-09-14T19:31:28.8557154Z PASS  B16c [Summer 2021] attempt on re-VALIDATED version -> 201  status=201
2026-09-14T19:31:28.8558440Z target paper: 9c3b63a0-cda1-4f16-bd4e-f1801fb4fc0b [Summer 2022] versions=7 bridge=OK
2026-09-14T19:31:32.1054466Z PASS  B6a [Summer 2022] review header has subjectId (§7 placement context)  status=200 subjectId=e56dc9ee
2026-09-14T19:31:32.1056210Z [Summer 2022] answer-key check skipped: 1 scheme-less version(s) — nothing to key yet (guard outcome below)
2026-09-14T19:31:33.6051438Z PASS  B11a [Summer 2022] scheme-less versions block the flip (409, guard)  status=409 msg={'status': 409, 'error': 'conflict', 'message': 'paper has 1 question version(s) without a
2026-09-14T19:31:33.6053285Z [Summer 2022] skipped: 1 scheme-less version(s) — the guard held; a teacher must author schemes first
2026-09-14T19:31:33.6055196Z target paper: f2afb69f-3cf0-46ff-a62b-20066eacb5eb [Summer 2024] versions=7 bridge=OK
2026-09-14T19:31:36.8847891Z PASS  B6a [Summer 2024] review header has subjectId (§7 placement context)  status=200 subjectId=e56dc9ee
2026-09-14T19:31:36.8851113Z [Summer 2024] answer-key check skipped: 1 scheme-less version(s) — nothing to key yet (guard outcome below)
2026-09-14T19:31:38.1689599Z PASS  B11a [Summer 2024] scheme-less versions block the flip (409, guard)  status=409 msg={'status': 409, 'error': 'conflict', 'message': 'paper has 1 question version(s) without a
2026-09-14T19:31:38.1692327Z [Summer 2024] skipped: 1 scheme-less version(s) — the guard held; a teacher must author schemes first
2026-09-14T19:31:38.1694562Z target paper: 73b3c496-6190-4ad9-9a54-9cd62b4fc01c [January 2021] versions=8 bridge=OK
2026-09-14T19:31:41.8624225Z PASS  B6a [January 2021] review header has subjectId (§7 placement context)  status=200 subjectId=e56dc9ee
2026-09-14T19:31:41.8628444Z [January 2021] answer-key check skipped: 1 scheme-less version(s) — nothing to key yet (guard outcome below)
2026-09-14T19:31:43.4441585Z PASS  B11a [January 2021] scheme-less versions block the flip (409, guard)  status=409 msg={'status': 409, 'error': 'conflict', 'message': 'paper has 1 question version(s) without a
2026-09-14T19:31:43.4443496Z [January 2021] skipped: 1 scheme-less version(s) — the guard held; a teacher must author schemes first
2026-09-14T19:31:43.4446232Z target paper: 7041ab60-1e67-4b7a-917e-7896ea0a0edf [June 2011] versions=8 bridge=OK
2026-09-14T19:31:47.1737661Z PASS  B6a [June 2011] review header has subjectId (§7 placement context)  status=200 subjectId=e56dc9ee
2026-09-14T19:31:47.1739091Z [June 2011] answer-key check skipped: 1 scheme-less version(s) — nothing to key yet (guard outcome below)
2026-09-14T19:31:48.5626140Z PASS  B11a [June 2011] scheme-less versions block the flip (409, guard)  status=409 msg={'status': 409, 'error': 'conflict', 'message': 'paper has 1 question version(s) without a
2026-09-14T19:31:48.5628131Z [June 2011] skipped: 1 scheme-less version(s) — the guard held; a teacher must author schemes first
2026-09-14T19:31:48.5703194Z target paper: 6b5dc788-7de9-4148-a24e-afedaae165fb [Summer 2016] versions=8 bridge=OK
2026-09-14T19:31:52.5469925Z PASS  B6a [Summer 2016] review header has subjectId (§7 placement context)  status=200 subjectId=e56dc9ee
2026-09-14T19:31:52.5471350Z PASS  B6b [Summer 2016] teacher review shows the answer key  versions=8 withScheme=8
2026-09-14T19:31:53.0453304Z PASS  B7a [Summer 2016] flag version -> FLAGGED  status=200
2026-09-14T19:31:53.6469161Z PASS  B7b [Summer 2016] batch blocked by FLAGGED version (409)  status=409 msg={'status': 409, 'error': 'conflict', 'message': 'paper has 1 REJECTED/FLAGGED qu
2026-09-14T19:31:54.1489027Z PASS  B9 [Summer 2016] paper validate refused while versions unvalidated (409)  status=409
2026-09-14T19:31:54.6744307Z PASS  B10 [Summer 2016] unflag version -> SUGGESTED  status=200
2026-09-14T19:31:58.5234162Z PASS  B11 [Summer 2016] validate-all -> paper VALIDATED  status=200 body={'paperId': '6b5dc788-7de9-4148-a24e-afedaae165fb', 'paperState': 'VALIDATED', 'totalVersions': 8, 'versionsValidated': 
2026-09-14T19:31:58.8407104Z PASS  B12a [Summer 2016] student sees paper VALIDATED under its subject  state=VALIDATED
2026-09-14T19:32:00.7903442Z PASS  B12b [Summer 2016] student structured attempt -> 201  status=201
2026-09-14T19:32:01.2587009Z PASS  B13a [Summer 2016] flag paper -> FLAGGED  status=200
2026-09-14T19:32:01.8507312Z PASS  B13b [Summer 2016] student attempt under FLAGGED paper -> 404 (paper gate)  status=404
2026-09-14T19:32:02.2443319Z PASS  B13c [Summer 2016] batch on FLAGGED paper -> 409  status=409
2026-09-14T19:32:02.8932361Z PASS  B14a [Summer 2016] unflag paper -> SUGGESTED (never straight to VALIDATED)  status=200 state=SUGGESTED
2026-09-14T19:32:04.3877412Z PASS  B14b [Summer 2016] attempt works again once paper merely SUGGESTED (version still VALIDATED)  status=201
2026-09-14T19:32:06.8998061Z PASS  B14c [Summer 2016] paper restored VALIDATED  status=200
2026-09-14T19:32:07.8477003Z PASS  B16a [Summer 2016] attempt on FLAGGED version -> 404  status=404
2026-09-14T19:32:08.7753516Z PASS  B16b [Summer 2016] attempt on SUGGESTED version -> 404  status=404
2026-09-14T19:32:10.8331062Z PASS  B16c [Summer 2016] attempt on re-VALIDATED version -> 201  status=201
2026-09-14T19:32:56.2874385Z PASS  B17a current mapping readable (anchor visible)  status=200 rows=1 primary=ING-4CH12CNOVEMBER2021
2026-09-14T19:32:56.7755155Z PASS  B17b anchor-as-primary refused (409)  status=409
2026-09-14T19:32:58.5561290Z mapping target: 4CH1-S1-d The Periodic Table
2026-09-14T19:32:59.3485804Z PASS  B17c remap onto real curriculum topic  status=200
2026-09-14T19:33:00.1466316Z PASS  B17d re-map onto the SAME node stays 200 (flush regression 80b1ff8)  status=200
2026-09-14T19:33:00.7562964Z PASS  B17e mapping persisted  primary=4CH1-S1-d
2026-09-14T19:33:09.4008177Z PASS  B18 validated papers left the SUGGESTED queue  suggested papers now=78
2026-09-14T19:33:09.4009078Z 
2026-09-14T19:33:09.4009937Z VERDICT: GREEN — 103/103 checks passed
2026-09-14T19:33:09.4242574Z Node 20 is being deprecated. This workflow is running with Node 24 by default. If you need to temporarily use Node 20, you can set the ACTIONS_ALLOW_USE_UNSECURE_NODE_VERSION=true environment variable. For more information see: https://github.blog/changelog/2025-09-19-deprecation-of-node-20-on-github-actions-runners/
2026-09-14T19:33:09.4244200Z Post job cleanup.
2026-09-14T19:33:09.5276178Z [command]/usr/bin/git version
2026-09-14T19:33:09.5336231Z git version 2.55.0
2026-09-14T19:33:09.5388517Z Temporarily overriding HOME='/home/runner/work/_temp/fef78db2-7345-4464-aad5-f2398935e745' before making global git config changes
2026-09-14T19:33:09.5389990Z Adding repository directory to the temporary git global config as a safe directory
2026-09-14T19:33:09.5396445Z [command]/usr/bin/git config --global --add safe.directory /home/runner/work/syllabai-web/syllabai-web
2026-09-14T19:33:09.5506784Z [command]/usr/bin/git config --local --name-only --get-regexp core\.sshCommand
2026-09-14T19:33:09.5582809Z [command]/usr/bin/git submodule foreach --recursive sh -c "git config --local --name-only --get-regexp 'core\.sshCommand' && git config --local --unset-all 'core.sshCommand' || :"
2026-09-14T19:33:09.6059878Z [command]/usr/bin/git config --local --name-only --get-regexp http\.https\:\/\/github\.com\/\.extraheader
2026-09-14T19:33:09.6060964Z http.https://github.com/.extraheader
2026-09-14T19:33:09.6062567Z [command]/usr/bin/git config --local --unset-all http.https://github.com/.extraheader
2026-09-14T19:33:09.6146945Z [command]/usr/bin/git submodule foreach --recursive sh -c "git config --local --name-only --get-regexp 'http\.https\:\/\/github\.com\/\.extraheader' && git config --local --unset-all 'http.https://github.com/.extraheader' || :"
2026-09-14T19:33:09.6606934Z [command]/usr/bin/git config --local --name-only --get-regexp ^includeIf\.gitdir:
2026-09-14T19:33:09.6665054Z [command]/usr/bin/git submodule foreach --recursive git config --local --show-origin --name-only --get-regexp remote.origin.url
2026-09-14T19:33:09.7281977Z Cleaning up orphan processes
2026-09-14T19:33:09.7567067Z ##[warning]Node.js 20 is deprecated. The following actions target Node.js 20 but are being forced to run on Node.js 24: actions/checkout@v4. For more information see: https://github.blog/changelog/2025-09-19-deprecation-of-node-20-on-github-actions-runners/
